[=========                              ] 25%                                   
> Task :app:preBuild UP-TO-DATE
> Task :app:preDebugBuild UP-TO-DATE
> Task :app:mergeDebugNativeDebugMetadata NO-SOURCE
> Task :app:generateDebugResources
> Task :app:packageDebugResources
> Task :app:processDebugNavigationResources
> Task :app:javaPreCompileDebug UP-TO-DATE
> Task :app:generateDebugAssets UP-TO-DATE
> Task :app:mergeDebugAssets UP-TO-DATE
> Task :app:compressDebugAssets UP-TO-DATE
> Task :app:parseDebugLocalResources
> Task :app:checkDebugDuplicateClasses UP-TO-DATE
> Task :app:generateDebugRFile UP-TO-DATE
> Task :app:compileDebugKotlin NO-SOURCE
> Task :app:compileDebugJavaWithJavac UP-TO-DATE
> Task :app:processDebugJavaRes UP-TO-DATE
> Task :app:mergeDebugJavaResource UP-TO-DATE
> Task :app:desugarDebugFileDependencies UP-TO-DATE
> Task :app:mergeExtDexDebug UP-TO-DATE
> Task :app:mergeLibDexDebug UP-TO-DATE
> Task :app:checkDebugAarMetadata UP-TO-DATE
> Task :app:compileDebugNavigationResources UP-TO-DATE
> Task :app:mapDebugSourceSetPaths
> Task :app:createDebugCompatibleScreenManifests UP-TO-DATE
> Task :app:extractDeepLinksDebug UP-TO-DATE
> Task :app:processDebugMainManifest UP-TO-DATE
> Task :app:processDebugManifest UP-TO-DATE
> Task :app:processDebugManifestForPackage UP-TO-DATE
> Task :app:mergeDebugJniLibFolders UP-TO-DATE
> Task :app:mergeDebugNativeLibs NO-SOURCE
> Task :app:stripDebugDebugSymbols NO-SOURCE
> Task :app:validateSigningDebug UP-TO-DATE
> Task :app:writeDebugAppMetadata UP-TO-DATE
> Task :app:writeDebugSigningConfigVersions UP-TO-DATE
> Task :app:mergeDebugResources
> Task :app:processDebugResources FAILED
.\gradlew.bat : 
At line:1 char:1
+ .\gradlew.bat assembleDebug 
--console=plain > build_errors.txt 
2>&1
+ ~~~~~~~~~~~~~~~~~~~~~~~~~~~~~~~~~~~
~~~~~~~~~~~~~~~~~~~~~~~~~~~~~~~~
    + CategoryInfo          : 
NotSpecifi    ed: (:String) [], 
RemoteException
    + FullyQualifiedErrorId : 
NativeComm    andError
 
FAILURE: Build failed with an 
exception.

* What went wrong:
Execution failed for task 
':app:processDebugResources'.
> A failure occurred while executing 
com.android.build.gradle.internal.res
.LinkApplicationAndroidResourcesTask$
TaskAction
   > Android resource linking failed
     com.example.expense_tracker.app-
main-41:/layout/activity_add_transact
ion.xml:52: error: resource 
attr/colorTextSecondary (aka com.exam
ple.expense_tracker:attr/colorTextSec
ondary) not found.
     com.example.expense_tracker.app-
main-41:/layout/activity_add_transact
ion.xml:64: error: resource 
attr/colorTextSecondary (aka com.exam
ple.expense_tracker:attr/colorTextSec
ondary) not found.
     com.example.expense_tracker.app-
main-41:/layout/activity_main.xml:161
: error: resource 
attr/colorTextPrimary (aka com.exampl
e.expense_tracker:attr/colorTextPrima
ry) not found.
     com.example.expense_tracker.app-
main-41:/layout/activity_main.xml:178
: error: resource 
attr/colorTextPrimary (aka com.exampl
e.expense_tracker:attr/colorTextPrima
ry) not found.
     com.example.expense_tracker.app-
main-41:/layout/item_transaction.xml:
58: error: resource 
attr/colorTextPrimary (aka com.exampl
e.expense_tracker:attr/colorTextPrima
ry) not found.
     com.example.expense_tracker.app-
main-41:/layout/item_transaction.xml:
66: error: resource 
attr/colorTextSecondary (aka com.exam
ple.expense_tracker:attr/colorTextSec
ondary) not found.
     com.example.expense_tracker.app-
main-41:/layout/item_transaction.xml:
77: error: resource 
attr/colorTextPrimary (aka com.exampl
e.expense_tracker:attr/colorTextPrima
ry) not found.
     error: failed linking file 
resources.


* Try:
> Run with --stacktrace option to 
get the stack trace.
> Run with --info or --debug option 
to get more log output.
> Run with --scan to generate a 
Build Scan (Powered by Develocity).
> Get more help at 
https://help.gradle.org.

BUILD FAILED in 3s
29 actionable tasks: 7 executed, 22 up-to-date
